Python works